Hit:1 http://mirrors.aliyun.com/ubuntu jammy InRelease
Hit:2 http://mirrors.aliyun.com/ubuntu jammy-updates InRelease
Get:3 https://download.docker.com/linux/ubuntu jammy InRelease [48.9 kB]
Hit:4 https://mirrors.aliyun.com/elasticstack/apt/8.x stable InRelease
Hit:5 http://mirrors.aliyun.com/ubuntu jammy-backports InRelease
Hit:6 https://dl.google.com/linux/chrome/deb stable InRelease
Hit:7 http://packages.microsoft.com/repos/code stable InRelease
Hit:8 http://mirrors.aliyun.com/ubuntu jammy-security InRelease
Get:9 https://download.docker.com/linux/ubuntu jammy/stable amd64 Packages [19.2 kB]
Ign:11 https://deepin-wine.i-m.dev  InRelease
Hit:12 https://deepin-wine.i-m.dev  Release
Hit:10 https://developer.download.nvidia.cn/compute/cuda/repos/ubuntu2204/x86_64  InRelease
Ign:13 https://deepin-wine.i-m.dev  Release.gpg
Hit:14 https://ppa.launchpadcontent.net/peek-developers/stable/ubuntu jammy InRelease
Fetched 68.1 kB in 1s (46.4 kB/s)
Reading package lists...
Reading package lists...
Building dependency tree...
Reading state information...
The following additional packages will be installed:
  docker-ce-rootless-extras libslirp0 pigz slirp4netns
Suggested packages:
  aufs-tools cgroupfs-mount | cgroup-lite
The following NEW packages will be installed:
  containerd.io docker-buildx-plugin docker-ce docker-ce-cli
  docker-ce-rootless-extras docker-compose-plugin libslirp0 pigz slirp4netns
0 upgraded, 9 newly installed, 0 to remove and 1 not upgraded.
Need to get 111 MB of archives.
After this operation, 401 MB of additional disk space will be used.
Get:1 http://mirrors.aliyun.com/ubuntu jammy/universe amd64 pigz amd64 2.6-1 [63.6 kB]
Get:2 http://mirrors.aliyun.com/ubuntu jammy/main amd64 libslirp0 amd64 4.6.1-1build1 [61.5 kB]
Get:3 http://mirrors.aliyun.com/ubuntu jammy/universe amd64 slirp4netns amd64 1.0.1-2 [28.2 kB]
Get:4 https://download.docker.com/linux/ubuntu jammy/stable amd64 containerd.io amd64 1.6.21-1 [28.3 MB]
Get:5 https://download.docker.com/linux/ubuntu jammy/stable amd64 docker-buildx-plugin amd64 0.10.5-1~ubuntu.22.04~jammy [26.1 MB]
Get:6 https://download.docker.com/linux/ubuntu jammy/stable amd64 docker-ce-cli amd64 5:24.0.2-1~ubuntu.22.04~jammy [13.3 MB]
Get:7 https://download.docker.com/linux/ubuntu jammy/stable amd64 docker-ce amd64 5:24.0.2-1~ubuntu.22.04~jammy [22.9 MB]
Get:8 https://download.docker.com/linux/ubuntu jammy/stable amd64 docker-ce-rootless-extras amd64 5:24.0.2-1~ubuntu.22.04~jammy [9,008 kB]
Get:9 https://download.docker.com/linux/ubuntu jammy/stable amd64 docker-compose-plugin amd64 2.18.1-1~ubuntu.22.04~jammy [10.9 MB]
Fetched 111 MB in 11s (10.5 MB/s)
Selecting previously unselected package pigz.
(Reading database ... (Reading database ... 5%(Reading database ... 10%(Reading database ... 15%(Reading database ... 20%(Reading database ... 25%(Reading database ... 30%(Reading database ... 35%(Reading database ... 40%(Reading database ... 45%(Reading database ... 50%(Reading database ... 55%(Reading database ... 60%(Reading database ... 65%(Reading database ... 70%(Reading database ... 75%(Reading database ... 80%(Reading database ... 85%(Reading database ... 90%(Reading database ... 95%(Reading database ... 100%(Reading database ... 393609 files and directories currently installed.)
Preparing to unpack .../0-pigz_2.6-1_amd64.deb ...
Unpacking pigz (2.6-1) ...
Selecting previously unselected package containerd.io.
Preparing to unpack .../1-containerd.io_1.6.21-1_amd64.deb ...
Unpacking containerd.io (1.6.21-1) ...
Selecting previously unselected package docker-buildx-plugin.
Preparing to unpack .../2-docker-buildx-plugin_0.10.5-1~ubuntu.22.04~jammy_amd64.deb ...
Unpacking docker-buildx-plugin (0.10.5-1~ubuntu.22.04~jammy) ...
Selecting previously unselected package docker-ce-cli.
Preparing to unpack .../3-docker-ce-cli_5%3a24.0.2-1~ubuntu.22.04~jammy_amd64.deb ...
Unpacking docker-ce-cli (5:24.0.2-1~ubuntu.22.04~jammy) ...
Selecting previously unselected package docker-ce.
Preparing to unpack .../4-docker-ce_5%3a24.0.2-1~ubuntu.22.04~jammy_amd64.deb ...
Unpacking docker-ce (5:24.0.2-1~ubuntu.22.04~jammy) ...
Selecting previously unselected package docker-ce-rootless-extras.
Preparing to unpack .../5-docker-ce-rootless-extras_5%3a24.0.2-1~ubuntu.22.04~jammy_amd64.deb ...
Unpacking docker-ce-rootless-extras (5:24.0.2-1~ubuntu.22.04~jammy) ...
Selecting previously unselected package docker-compose-plugin.
Preparing to unpack .../6-docker-compose-plugin_2.18.1-1~ubuntu.22.04~jammy_amd64.deb ...
Unpacking docker-compose-plugin (2.18.1-1~ubuntu.22.04~jammy) ...
Selecting previously unselected package libslirp0:amd64.
Preparing to unpack .../7-libslirp0_4.6.1-1build1_amd64.deb ...
Unpacking libslirp0:amd64 (4.6.1-1build1) ...
Selecting previously unselected package slirp4netns.
Preparing to unpack .../8-slirp4netns_1.0.1-2_amd64.deb ...
Unpacking slirp4netns (1.0.1-2) ...
Setting up docker-buildx-plugin (0.10.5-1~ubuntu.22.04~jammy) ...
Setting up containerd.io (1.6.21-1) ...
Created symlink /etc/systemd/system/multi-user.target.wants/containerd.service → /lib/systemd/system/containerd.service.
Setting up docker-compose-plugin (2.18.1-1~ubuntu.22.04~jammy) ...
Setting up docker-ce-cli (5:24.0.2-1~ubuntu.22.04~jammy) ...
Setting up libslirp0:amd64 (4.6.1-1build1) ...
Setting up pigz (2.6-1) ...
Setting up docker-ce-rootless-extras (5:24.0.2-1~ubuntu.22.04~jammy) ...
Setting up slirp4netns (1.0.1-2) ...
Setting up docker-ce (5:24.0.2-1~ubuntu.22.04~jammy) ...
Created symlink /etc/systemd/system/multi-user.target.wants/docker.service → /lib/systemd/system/docker.service.
Created symlink /etc/systemd/system/sockets.target.wants/docker.socket → /lib/systemd/system/docker.socket.
Processing triggers for man-db (2.10.2-1) ...
Processing triggers for libc-bin (2.35-0ubuntu3.1) ...
Download docker-desktop ...
[[1;36mdocker-desktop-4.19.0-amd64.deb[0m] found
Selecting previously unselected package docker-desktop.
(Reading database ... 393869 files and directories currently installed.)
Preparing to unpack docker-desktop-4.19.0-amd64.deb ...
Unpacking docker-desktop (4.19.0-106363) ...
Processing triggers for mailcap (3.70+nmu1ubuntu1) ...
Processing triggers for gnome-menus (3.36.0-1ubuntu3) ...
Processing triggers for desktop-file-utils (0.26-1ubuntu3) ...
Reading package lists...
Building dependency tree...
Reading state information...
Correcting dependencies... Done
The following additional packages will be installed:
  cpu-checker ibverbs-providers ipxe-qemu ipxe-qemu-256k-compat-efi-roms
  libboost-iostreams1.74.0 libboost-thread1.74.0 libcacard0 libdaxctl1 libfdt1
  libgfapi0 libgfrpc0 libgfxdr0 libglusterfs0 libibverbs1 libiscsi7 libndctl6
  libpmem1 libpmemobj1 libqrencode4 librados2 librbd1 librdmacm1
  libspice-server1 liburing2 libusbredirparser1 libvirglrenderer1 msr-tools
  ovmf pass qemu-block-extra qemu-system-common qemu-system-data
  qemu-system-gui qemu-system-x86 qemu-utils qrencode seabios tree uidmap
  xclip
Suggested packages:
  gstreamer1.0-libav libxml-simple-perl python ruby samba vde2 debootstrap
The following NEW packages will be installed:
  cpu-checker ibverbs-providers ipxe-qemu ipxe-qemu-256k-compat-efi-roms
  libboost-iostreams1.74.0 libboost-thread1.74.0 libcacard0 libdaxctl1 libfdt1
  libgfapi0 libgfrpc0 libgfxdr0 libglusterfs0 libibverbs1 libiscsi7 libndctl6
  libpmem1 libpmemobj1 libqrencode4 librados2 librbd1 librdmacm1
  libspice-server1 liburing2 libusbredirparser1 libvirglrenderer1 msr-tools
  ovmf pass qemu-block-extra qemu-system-common qemu-system-data
  qemu-system-gui qemu-system-x86 qemu-utils qrencode seabios tree uidmap
  xclip
0 upgraded, 40 newly installed, 0 to remove and 1 not upgraded.
1 not fully installed or removed.
Need to get 34.9 MB of archives.
After this operation, 128 MB of additional disk space will be used.
Get:1 http://mirrors.aliyun.com/ubuntu jammy/main amd64 libfdt1 amd64 1.6.1-1 [20.0 kB]
Get:2 http://mirrors.aliyun.com/ubuntu jammy/main amd64 libibverbs1 amd64 39.0-1 [69.3 kB]
Get:3 http://mirrors.aliyun.com/ubuntu jammy/main amd64 libdaxctl1 amd64 72.1-1 [19.8 kB]
Get:4 http://mirrors.aliyun.com/ubuntu jammy/main amd64 libndctl6 amd64 72.1-1 [57.7 kB]
Get:5 http://mirrors.aliyun.com/ubuntu jammy/main amd64 libpmem1 amd64 1.11.1-3build1 [81.4 kB]
Get:6 http://mirrors.aliyun.com/ubuntu jammy/main amd64 librdmacm1 amd64 39.0-1 [71.2 kB]
Get:7 http://mirrors.aliyun.com/ubuntu jammy/main amd64 liburing2 amd64 2.1-2build1 [10.3 kB]
Get:8 http://mirrors.aliyun.com/ubuntu jammy/main amd64 libcacard0 amd64 1:2.8.0-3build2 [38.0 kB]
Get:9 http://mirrors.aliyun.com/ubuntu jammy/main amd64 libspice-server1 amd64 0.15.0-2ubuntu4 [351 kB]
Get:10 http://mirrors.aliyun.com/ubuntu jammy/main amd64 libusbredirparser1 amd64 0.11.0-2build1 [15.9 kB]
Get:11 http://mirrors.aliyun.com/ubuntu jammy-updates/main amd64 qemu-system-common amd64 1:6.2+dfsg-2ubuntu6.8 [2,047 kB]
Get:12 http://mirrors.aliyun.com/ubuntu jammy-updates/main amd64 qemu-system-data all 1:6.2+dfsg-2ubuntu6.8 [1,431 kB]
Get:13 http://mirrors.aliyun.com/ubuntu jammy/main amd64 seabios all 1.15.0-1 [174 kB]
Get:14 http://mirrors.aliyun.com/ubuntu jammy/main amd64 ipxe-qemu all 1.21.1+git-20220113.fbbdc3926-0ubuntu1 [1,569 kB]
Get:15 http://mirrors.aliyun.com/ubuntu jammy/main amd64 ipxe-qemu-256k-compat-efi-roms all 1.0.0+git-20150424.a25a16d-0ubuntu4 [552 kB]
Get:16 http://mirrors.aliyun.com/ubuntu jammy-updates/main amd64 qemu-system-x86 amd64 1:6.2+dfsg-2ubuntu6.8 [10.1 MB]
Get:17 http://mirrors.aliyun.com/ubuntu jammy/universe amd64 tree amd64 2.0.2-1 [47.9 kB]
Get:18 http://mirrors.aliyun.com/ubuntu jammy/universe amd64 pass all 1.7.4-5 [35.2 kB]
Get:19 http://mirrors.aliyun.com/ubuntu jammy-updates/universe amd64 uidmap amd64 1:4.8.1-2ubuntu2.1 [22.4 kB]
Get:20 http://mirrors.aliyun.com/ubuntu jammy/main amd64 msr-tools amd64 1.3-4 [10.3 kB]
Get:21 http://mirrors.aliyun.com/ubuntu jammy/main amd64 cpu-checker amd64 0.7-1.3build1 [6,800 B]
Get:22 http://mirrors.aliyun.com/ubuntu jammy/main amd64 ibverbs-providers amd64 39.0-1 [341 kB]
Get:23 http://mirrors.aliyun.com/ubuntu jammy/main amd64 libboost-iostreams1.74.0 amd64 1.74.0-14ubuntu3 [245 kB]
Get:24 http://mirrors.aliyun.com/ubuntu jammy/main amd64 libboost-thread1.74.0 amd64 1.74.0-14ubuntu3 [262 kB]
Get:25 http://mirrors.aliyun.com/ubuntu jammy/main amd64 libgfxdr0 amd64 10.1-1 [22.1 kB]
Get:26 http://mirrors.aliyun.com/ubuntu jammy/main amd64 libglusterfs0 amd64 10.1-1 [288 kB]
Get:27 http://mirrors.aliyun.com/ubuntu jammy/main amd64 libgfrpc0 amd64 10.1-1 [47.1 kB]
Get:28 http://mirrors.aliyun.com/ubuntu jammy/main amd64 libgfapi0 amd64 10.1-1 [77.3 kB]
Get:29 http://mirrors.aliyun.com/ubuntu jammy/main amd64 libiscsi7 amd64 1.19.0-3build2 [70.6 kB]
Get:30 http://mirrors.aliyun.com/ubuntu jammy/main amd64 libpmemobj1 amd64 1.11.1-3build1 [124 kB]
Get:31 http://mirrors.aliyun.com/ubuntu jammy/universe amd64 libqrencode4 amd64 4.1.1-1 [24.0 kB]
Get:32 http://mirrors.aliyun.com/ubuntu jammy-updates/main amd64 librados2 amd64 17.2.5-0ubuntu0.22.04.3 [3,573 kB]
Get:33 http://mirrors.aliyun.com/ubuntu jammy-updates/main amd64 librbd1 amd64 17.2.5-0ubuntu0.22.04.3 [3,545 kB]
Get:34 http://mirrors.aliyun.com/ubuntu jammy/main amd64 libvirglrenderer1 amd64 0.9.1-1~exp1ubuntu2 [188 kB]
Get:35 http://mirrors.aliyun.com/ubuntu jammy-updates/main amd64 qemu-utils amd64 1:6.2+dfsg-2ubuntu6.8 [1,525 kB]
Get:36 http://mirrors.aliyun.com/ubuntu jammy-updates/main amd64 qemu-block-extra amd64 1:6.2+dfsg-2ubuntu6.8 [68.1 kB]
Get:37 http://mirrors.aliyun.com/ubuntu jammy-updates/main amd64 qemu-system-gui amd64 1:6.2+dfsg-2ubuntu6.8 [220 kB]
Get:38 http://mirrors.aliyun.com/ubuntu jammy/universe amd64 qrencode amd64 4.1.1-1 [25.2 kB]
Get:39 http://mirrors.aliyun.com/ubuntu jammy/universe amd64 xclip amd64 0.13-2 [18.3 kB]
Get:40 http://mirrors.aliyun.com/ubuntu jammy-updates/main amd64 ovmf all 2022.02-3ubuntu0.22.04.1 [7,553 kB]
Fetched 34.9 MB in 6s (5,964 kB/s)
Selecting previously unselected package libfdt1:amd64.
(Reading database ... (Reading database ... 5%(Reading database ... 10%(Reading database ... 15%(Reading database ... 20%(Reading database ... 25%(Reading database ... 30%(Reading database ... 35%(Reading database ... 40%(Reading database ... 45%(Reading database ... 50%(Reading database ... 55%(Reading database ... 60%(Reading database ... 65%(Reading database ... 70%(Reading database ... 75%(Reading database ... 80%(Reading database ... 85%(Reading database ... 90%(Reading database ... 95%(Reading database ... 100%(Reading database ... 394006 files and directories currently installed.)
Preparing to unpack .../00-libfdt1_1.6.1-1_amd64.deb ...
Unpacking libfdt1:amd64 (1.6.1-1) ...
Selecting previously unselected package libibverbs1:amd64.
Preparing to unpack .../01-libibverbs1_39.0-1_amd64.deb ...
Unpacking libibverbs1:amd64 (39.0-1) ...
Selecting previously unselected package libdaxctl1:amd64.
Preparing to unpack .../02-libdaxctl1_72.1-1_amd64.deb ...
Unpacking libdaxctl1:amd64 (72.1-1) ...
Selecting previously unselected package libndctl6:amd64.
Preparing to unpack .../03-libndctl6_72.1-1_amd64.deb ...
Unpacking libndctl6:amd64 (72.1-1) ...
Selecting previously unselected package libpmem1:amd64.
Preparing to unpack .../04-libpmem1_1.11.1-3build1_amd64.deb ...
Unpacking libpmem1:amd64 (1.11.1-3build1) ...
Selecting previously unselected package librdmacm1:amd64.
Preparing to unpack .../05-librdmacm1_39.0-1_amd64.deb ...
Unpacking librdmacm1:amd64 (39.0-1) ...
Selecting previously unselected package liburing2:amd64.
Preparing to unpack .../06-liburing2_2.1-2build1_amd64.deb ...
Unpacking liburing2:amd64 (2.1-2build1) ...
Selecting previously unselected package libcacard0:amd64.
Preparing to unpack .../07-libcacard0_1%3a2.8.0-3build2_amd64.deb ...
Unpacking libcacard0:amd64 (1:2.8.0-3build2) ...
Selecting previously unselected package libspice-server1:amd64.
Preparing to unpack .../08-libspice-server1_0.15.0-2ubuntu4_amd64.deb ...
Unpacking libspice-server1:amd64 (0.15.0-2ubuntu4) ...
Selecting previously unselected package libusbredirparser1:amd64.
Preparing to unpack .../09-libusbredirparser1_0.11.0-2build1_amd64.deb ...
Unpacking libusbredirparser1:amd64 (0.11.0-2build1) ...
Selecting previously unselected package qemu-system-common.
Preparing to unpack .../10-qemu-system-common_1%3a6.2+dfsg-2ubuntu6.8_amd64.deb ...
Unpacking qemu-system-common (1:6.2+dfsg-2ubuntu6.8) ...
Selecting previously unselected package qemu-system-data.
Preparing to unpack .../11-qemu-system-data_1%3a6.2+dfsg-2ubuntu6.8_all.deb ...
Unpacking qemu-system-data (1:6.2+dfsg-2ubuntu6.8) ...
Selecting previously unselected package seabios.
Preparing to unpack .../12-seabios_1.15.0-1_all.deb ...
Unpacking seabios (1.15.0-1) ...
Selecting previously unselected package ipxe-qemu.
Preparing to unpack .../13-ipxe-qemu_1.21.1+git-20220113.fbbdc3926-0ubuntu1_all.deb ...
Unpacking ipxe-qemu (1.21.1+git-20220113.fbbdc3926-0ubuntu1) ...
Selecting previously unselected package ipxe-qemu-256k-compat-efi-roms.
Preparing to unpack .../14-ipxe-qemu-256k-compat-efi-roms_1.0.0+git-20150424.a25a16d-0ubuntu4_all.deb ...
Unpacking ipxe-qemu-256k-compat-efi-roms (1.0.0+git-20150424.a25a16d-0ubuntu4) ...
Selecting previously unselected package qemu-system-x86.
Preparing to unpack .../15-qemu-system-x86_1%3a6.2+dfsg-2ubuntu6.8_amd64.deb ...
Unpacking qemu-system-x86 (1:6.2+dfsg-2ubuntu6.8) ...
Selecting previously unselected package tree.
Preparing to unpack .../16-tree_2.0.2-1_amd64.deb ...
Unpacking tree (2.0.2-1) ...
Selecting previously unselected package pass.
Preparing to unpack .../17-pass_1.7.4-5_all.deb ...
Unpacking pass (1.7.4-5) ...
Selecting previously unselected package uidmap.
Preparing to unpack .../18-uidmap_1%3a4.8.1-2ubuntu2.1_amd64.deb ...
Unpacking uidmap (1:4.8.1-2ubuntu2.1) ...
Selecting previously unselected package msr-tools.
Preparing to unpack .../19-msr-tools_1.3-4_amd64.deb ...
Unpacking msr-tools (1.3-4) ...
Selecting previously unselected package cpu-checker.
Preparing to unpack .../20-cpu-checker_0.7-1.3build1_amd64.deb ...
Unpacking cpu-checker (0.7-1.3build1) ...
Selecting previously unselected package ibverbs-providers:amd64.
Preparing to unpack .../21-ibverbs-providers_39.0-1_amd64.deb ...
Unpacking ibverbs-providers:amd64 (39.0-1) ...
Selecting previously unselected package libboost-iostreams1.74.0:amd64.
Preparing to unpack .../22-libboost-iostreams1.74.0_1.74.0-14ubuntu3_amd64.deb ...
Unpacking libboost-iostreams1.74.0:amd64 (1.74.0-14ubuntu3) ...
Selecting previously unselected package libboost-thread1.74.0:amd64.
Preparing to unpack .../23-libboost-thread1.74.0_1.74.0-14ubuntu3_amd64.deb ...
Unpacking libboost-thread1.74.0:amd64 (1.74.0-14ubuntu3) ...
Selecting previously unselected package libgfxdr0:amd64.
Preparing to unpack .../24-libgfxdr0_10.1-1_amd64.deb ...
Unpacking libgfxdr0:amd64 (10.1-1) ...
Selecting previously unselected package libglusterfs0:amd64.
Preparing to unpack .../25-libglusterfs0_10.1-1_amd64.deb ...
Unpacking libglusterfs0:amd64 (10.1-1) ...
Selecting previously unselected package libgfrpc0:amd64.
Preparing to unpack .../26-libgfrpc0_10.1-1_amd64.deb ...
Unpacking libgfrpc0:amd64 (10.1-1) ...
Selecting previously unselected package libgfapi0:amd64.
Preparing to unpack .../27-libgfapi0_10.1-1_amd64.deb ...
Unpacking libgfapi0:amd64 (10.1-1) ...
Selecting previously unselected package libiscsi7:amd64.
Preparing to unpack .../28-libiscsi7_1.19.0-3build2_amd64.deb ...
Unpacking libiscsi7:amd64 (1.19.0-3build2) ...
Selecting previously unselected package libpmemobj1:amd64.
Preparing to unpack .../29-libpmemobj1_1.11.1-3build1_amd64.deb ...
Unpacking libpmemobj1:amd64 (1.11.1-3build1) ...
Selecting previously unselected package libqrencode4:amd64.
Preparing to unpack .../30-libqrencode4_4.1.1-1_amd64.deb ...
Unpacking libqrencode4:amd64 (4.1.1-1) ...
Selecting previously unselected package librados2.
Preparing to unpack .../31-librados2_17.2.5-0ubuntu0.22.04.3_amd64.deb ...
Unpacking librados2 (17.2.5-0ubuntu0.22.04.3) ...
Selecting previously unselected package librbd1.
Preparing to unpack .../32-librbd1_17.2.5-0ubuntu0.22.04.3_amd64.deb ...
Unpacking librbd1 (17.2.5-0ubuntu0.22.04.3) ...
Selecting previously unselected package libvirglrenderer1:amd64.
Preparing to unpack .../33-libvirglrenderer1_0.9.1-1~exp1ubuntu2_amd64.deb ...
Unpacking libvirglrenderer1:amd64 (0.9.1-1~exp1ubuntu2) ...
Selecting previously unselected package qemu-utils.
Preparing to unpack .../34-qemu-utils_1%3a6.2+dfsg-2ubuntu6.8_amd64.deb ...
Unpacking qemu-utils (1:6.2+dfsg-2ubuntu6.8) ...
Selecting previously unselected package qemu-block-extra.
Preparing to unpack .../35-qemu-block-extra_1%3a6.2+dfsg-2ubuntu6.8_amd64.deb ...
Unpacking qemu-block-extra (1:6.2+dfsg-2ubuntu6.8) ...
Selecting previously unselected package qemu-system-gui.
Preparing to unpack .../36-qemu-system-gui_1%3a6.2+dfsg-2ubuntu6.8_amd64.deb ...
Unpacking qemu-system-gui (1:6.2+dfsg-2ubuntu6.8) ...
Selecting previously unselected package qrencode.
Preparing to unpack .../37-qrencode_4.1.1-1_amd64.deb ...
Unpacking qrencode (4.1.1-1) ...
Selecting previously unselected package xclip.
Preparing to unpack .../38-xclip_0.13-2_amd64.deb ...
Unpacking xclip (0.13-2) ...
Selecting previously unselected package ovmf.
Preparing to unpack .../39-ovmf_2022.02-3ubuntu0.22.04.1_all.deb ...
Unpacking ovmf (2022.02-3ubuntu0.22.04.1) ...
Setting up libibverbs1:amd64 (39.0-1) ...
Setting up libqrencode4:amd64 (4.1.1-1) ...
Setting up ibverbs-providers:amd64 (39.0-1) ...
Setting up qrencode (4.1.1-1) ...
Setting up libboost-iostreams1.74.0:amd64 (1.74.0-14ubuntu3) ...
Setting up uidmap (1:4.8.1-2ubuntu2.1) ...
Setting up libspice-server1:amd64 (0.15.0-2ubuntu4) ...
Setting up msr-tools (1.3-4) ...
Setting up libfdt1:amd64 (1.6.1-1) ...
Setting up libusbredirparser1:amd64 (0.11.0-2build1) ...
Setting up libcacard0:amd64 (1:2.8.0-3build2) ...
Setting up ovmf (2022.02-3ubuntu0.22.04.1) ...
Setting up libglusterfs0:amd64 (10.1-1) ...
Setting up libvirglrenderer1:amd64 (0.9.1-1~exp1ubuntu2) ...
Setting up tree (2.0.2-1) ...
Setting up xclip (0.13-2) ...
Setting up libdaxctl1:amd64 (72.1-1) ...
Setting up pass (1.7.4-5) ...
Setting up qemu-system-data (1:6.2+dfsg-2ubuntu6.8) ...
Setting up seabios (1.15.0-1) ...
Setting up cpu-checker (0.7-1.3build1) ...
Setting up ipxe-qemu (1.21.1+git-20220113.fbbdc3926-0ubuntu1) ...
Setting up libndctl6:amd64 (72.1-1) ...
Setting up ipxe-qemu-256k-compat-efi-roms (1.0.0+git-20150424.a25a16d-0ubuntu4) ...
Setting up liburing2:amd64 (2.1-2build1) ...
Setting up libpmem1:amd64 (1.11.1-3build1) ...
Setting up libgfxdr0:amd64 (10.1-1) ...
Setting up libboost-thread1.74.0:amd64 (1.74.0-14ubuntu3) ...
Setting up librdmacm1:amd64 (39.0-1) ...
Setting up librados2 (17.2.5-0ubuntu0.22.04.3) ...
Setting up qemu-system-common (1:6.2+dfsg-2ubuntu6.8) ...
Created symlink /etc/systemd/system/multi-user.target.wants/qemu-kvm.service → /lib/systemd/system/qemu-kvm.service.
Setting up qemu-system-x86 (1:6.2+dfsg-2ubuntu6.8) ...
Setting up docker-desktop (4.19.0-106363) ...
Enabling use of privileged ports by Docker Desktop
kubernetes.docker.internal added to /etc/hosts
Reloading systemd daemon for logged in users
Done reloading systemd daemon for logged in users
Setting up libpmemobj1:amd64 (1.11.1-3build1) ...
Setting up librbd1 (17.2.5-0ubuntu0.22.04.3) ...
Setting up qemu-utils (1:6.2+dfsg-2ubuntu6.8) ...
Setting up libiscsi7:amd64 (1.19.0-3build2) ...
Setting up libgfrpc0:amd64 (10.1-1) ...
Setting up qemu-system-gui (1:6.2+dfsg-2ubuntu6.8) ...
Setting up libgfapi0:amd64 (10.1-1) ...
Setting up qemu-block-extra (1:6.2+dfsg-2ubuntu6.8) ...
Created symlink /etc/systemd/system/multi-user.target.wants/run-qemu.mount → /lib/systemd/system/run-qemu.mount.
Processing triggers for libc-bin (2.35-0ubuntu3.1) ...
Processing triggers for man-db (2.10.2-1) ...
Processing triggers for hicolor-icon-theme (0.17-2) ...
